banner.lst     Page 1 ../assemble Ver 11.04.17d
$Id: banner.asm,v 1.1 2011/03/25 09:08:03 doug Exp $
COPR 2011 Douglas Goodall
   1: 1 0000:                    title      $Id: banner.asm,v 1.1 2011/03/25+
   1+ 1 0000:           09:08:03 doug Exp $  
   2: 1 0000:                    subttl     COPR 2011 Douglas Goodall  
   3: 1 0000:                ;
   4: 1 0000:                ; $Log: banner.asm,v $
   5: 1 0000:                ; Revision 1.1  2011/03/25 09:08:03  doug
   6: 1 0000:                ; Initial revision
   7: 1 0000:                ;
   8: 1 0000:                ;
   9: 1 0000:                    include    gplstuff.inc  
   1: 2 0000:                ; ------------------------------------
   2: 2 0000:                ; This file is part of "Vintage Modern 
   3: 2 0000:                ; Assembler Plus Tools (VMAPT)".
   4: 2 0000:                ;
   5: 2 0000:                ; VMAPT is free software: you can 
   6: 2 0000:                ; redistribute it and/or modify it under 
   7: 2 0000:                ; the terms of  the GNU General Public 
   8: 2 0000:                ; License  as published by the Free
   9: 2 0000:                ; Software  Foundation, either version 3
  10: 2 0000:                ; of the License, or (at your option)  
  11: 2 0000:                ; any later version.
  12: 2 0000:                ;
  13: 2 0000:                ; VMAPT is distributed in the hope that it 
  14: 2 0000:                ; will be useful, but WITHOUT ANY WARRANTY;
  15: 2 0000:                ; without even the implied warranty of   
  16: 2 0000:                ; MERCHANTABILITY or FITNESS FOR A 
  17: 2 0000:                ; PARTICULAR PURPOSE. See the GNU General 
  18: 2 0000:                ; Public License for more details.
  19: 2 0000:                ;
  20: 2 0000:                ; You  should have received a copy of the 
  21: 2 0000:                ; GNU General Public License along with 
  22: 2 0000:                ; VMAPT. If not,
  23: 2 0000:                ; see <http://www.gnu.org/licenses/>.
  24: 2 0000:                ; ----------------------------------------
  25: 2 0000:                                
  10: 1 0000:                                
  10: 1 ----------------------------------------------
  10: 1 Symbol table word entries...
  10: 1 ldefpgln.u16, 0x0032 (50)
  10: 1 ldefpgwd.u16, 0x004A (74)
  10: 1 pagelgth.u16, 0x0032 (50)
  10: 1 pagewdth.u16, 0x004A (74)
  10: 1 ----------------------------------------------
  10: 1 Symbol table meta entries...
  10: 1 ascalc.mta, "$Id: ascalc.hpp,v 1.1 2011/03/24 11:58:05 doug Exp $"
  10: 1 asdec20.mta, "$Id: asdec20.hpp,v 1.1 2011/03/25 05:49:38 doug Exp $"
  10: 1 asdec65.mta, "$Id: asdec65.hpp,v 1.1 2011/03/24 11:58:05 doug Exp $"
  10: 1 asdec68k.mta, "$Id: asdec68k.hpp,v 1.1 2011/03/24 11:58:05 doug Exp +
  10+ 1 0000:          $"
  10: 1 asdec80.mta, "$Id: asdec80.hpp,v 1.1 2011/03/24 11:58:05 doug Exp $"
banner.lst     Page 2 ../assemble Ver 11.04.17d
$Id: banner.asm,v 1.1 2011/03/25 09:08:03 doug Exp $
COPR 2011 Douglas Goodall
  10: 1 asdec85.mta, "$Id: asdec85.hpp,v 1.1 2011/03/24 11:58:05 doug Exp $"
  10: 1 asdecdir.mta, "$Id: asdecdir.hpp,v 1.1 2011/03/24 11:58:05 doug Exp +
  10+ 1 0000:          $"
  10: 1 asdecz80.mta, "$Id: asdecz80.hpp,v 1.1 2011/03/24 11:58:05 doug Exp +
  10+ 1 0000:          $"
  10: 1 aseval.mta, "$Id: aseval.hpp,v 1.2 2011/04/14 15:13:09 doug Exp $"
  10: 1 ashexout.mta, "$Id: ashexout.hpp,v 1.1 2011/03/24 11:58:05 doug Exp +
  10+ 1 0000:          $"
  10: 1 asouterr.mta, "$Id: asouterr.hpp,v 1.2 2011/04/14 15:13:09 doug Exp +
  10+ 1 0000:          $"
  10: 1 asouthex.mta, "$Id: asouthex.hpp,v 1.1 2011/03/24 11:58:05 doug Exp +
  10+ 1 0000:          $"
  10: 1 asoutlst.mta, "$Id: asoutlst.hpp,v 1.2 2011/03/25 05:48:59 doug Exp +
  10+ 1 0000:          $"
  10: 1 asoutwrn.mta, "$Id: asoutwrn.hpp,v 1.2 2011/04/14 15:13:09 doug Exp +
  10+ 1 0000:          $"
  10: 1 asparse.mta, "$Id: asparse.hpp,v 1.1 2011/03/24 11:58:05 doug Exp $"
  10: 1 asprint.mta, "$Id: asprint.hpp,v 1.2 2011/03/25 05:48:10 doug Exp $"
  10: 1 asresolv.mta, "$Id: asresolv.hpp,v 1.3 2011/04/14 15:13:09 doug Exp +
  10+ 1 0000:          $"
  10: 1 assemble.mta, "$Id: assemble.cpp,v 1.5 2011/04/14 15:13:09 doug Exp +
  10+ 1 0000:          $"
  10: 1 asymbols.mta, "$Id: asymbols.hpp,v 1.6 2011/04/14 15:13:09 doug Exp +
  10+ 1 0000:          $"
  10: 1 hostname.mta, "MacBook-Pro.local"
  10: 1 hosttype.mta, "x86_64"
  10: 1 machtype.mta, "x86_64-apple-darwin10.0"
  10: 1 program.mta, "banner"
  10: 1 pwd.mta, "/Users/doug/framewk/04172011/aserrors"
  10: 1 username.mta, "doug"