testmov.lst     Page 1 ../assemble Ver 11.08.21c
$Id: testmov.asm,v 1.2 2011/03/25 09:01:21 doug Exp $
COPR 2011 Douglas Goodall
   1:U:1 0000:                    title      $Id: testmov.asm,v 1.2 2011/03/2+
   1+U+1 0000:          5 09:01:21 doug Exp $  
   2:U:1 0000:                    subttl     COPR 2011 Douglas Goodall  
   3:U:1 0000:                ;
   4:U:1 0000:                ; $Log: testmov.asm,v $
   5:U:1 0000:                ; Revision 1.2  2011/03/25 09:01:21  doug
   6:U:1 0000:                ; *** empty log message ***
   7:U:1 0000:                ;
   8:U:1 0000:                ; Revision 1.1  2011/03/25 08:26:35  doug
   9:U:1 0000:                ; Initial revision
  10:U:1 0000:                ;
  11:U:1 0000:                ;
  12:U:1 0000:                    include    gplstuff.inc  
   1:U:2 0000:                ; ------------------------------------
   2:U:2 0000:                ; This file is part of "Vintage Modern 
   3:U:2 0000:                ; Assembler Plus Tools (VMAPT)".
   4:U:2 0000:                ;
   5:U:2 0000:                ; VMAPT is free software: you can 
   6:U:2 0000:                ; redistribute it and/or modify it under 
   7:U:2 0000:                ; the terms of  the GNU General Public 
   8:U:2 0000:                ; License  as published by the Free
   9:U:2 0000:                ; Software  Foundation, either version 3
  10:U:2 0000:                ; of the License, or (at your option)  
  11:U:2 0000:                ; any later version.
  12:U:2 0000:                ;
  13:U:2 0000:                ; VMAPT is distributed in the hope that it 
  14:U:2 0000:                ; will be useful, but WITHOUT ANY WARRANTY;
  15:U:2 0000:                ; without even the implied warranty of   
  16:U:2 0000:                ; MERCHANTABILITY or FITNESS FOR A 
  17:U:2 0000:                ; PARTICULAR PURPOSE. See the GNU General 
  18:U:2 0000:                ; Public License for more details.
  19:U:2 0000:                ;
  20:U:2 0000:                ; You  should have received a copy of the 
  21:U:2 0000:                ; GNU General Public License along with 
  22:U:2 0000:                ; VMAPT. If not,
  23:U:2 0000:                ; see <http://www.gnu.org/licenses/>.
  24:U:2 0000:                ; ----------------------------------------
  25:U:2 0000:                                
  13:U:1 0000:                                
  14:U:1 0000:                                
  15:U:1 0000:                    include    assemble.inc   
  16:U:1 0000:                    proc       8085  
  17:U:1 0000:                                
  18:U:1 0000: 7F                 mov        a,a  
  19:U:1 0001: 78                 mov        a,b  
  20:U:1 0002: 79                 mov        a,c  
  21:U:1 0003: 7A                 mov        a,d  
  22:U:1 0004: 7B                 mov        a,e  
  23:U:1 0005: 7C                 mov        a,h  
  24:U:1 0006: 7D                 mov        a,l  
testmov.lst     Page 2 ../assemble Ver 11.08.21c
$Id: testmov.asm,v 1.2 2011/03/25 09:01:21 doug Exp $
COPR 2011 Douglas Goodall
  25:U:1 0007: 7E                 mov        a,m  
  26:U:1 0008:                                
  27:U:1 0008: 47                 mov        b,a  
  28:U:1 0009: 40                 mov        b,b  
  29:U:1 000A: 41                 mov        b,c  
  30:U:1 000B: 42                 mov        b,d  
  31:U:1 000C: 43                 mov        b,e  
  32:U:1 000D: 44                 mov        b,h  
  33:U:1 000E: 45                 mov        b,l  
  34:U:1 000F: 46                 mov        b,m  
  35:U:1 0010:                                
  36:U:1 0010: 4F                 mov        c,a  
  37:U:1 0011: 48                 mov        c,b  
  38:U:1 0012: 49                 mov        c,c  
  39:U:1 0013: 4A                 mov        c,d  
  40:U:1 0014: 4B                 mov        c,e  
  41:U:1 0015: 4C                 mov        c,h  
  42:U:1 0016: 4D                 mov        c,l  
  43:U:1 0017: 4E                 mov        c,m  
  44:U:1 0018:                                
  45:U:1 0018: 57                 mov        d,a  
  46:U:1 0019: 50                 mov        d,b  
  47:U:1 001A: 51                 mov        d,c  
  48:U:1 001B: 52                 mov        d,d  
  49:U:1 001C: 53                 mov        d,e  
  50:U:1 001D: 54                 mov        d,h  
  51:U:1 001E: 55                 mov        d,l  
  52:U:1 001F: 56                 mov        d,m  
  53:U:1 0020:                                
  54:U:1 0020: 5F                 mov        e,a  
  55:U:1 0021: 58                 mov        e,b  
  56:U:1 0022: 59                 mov        e,c  
  57:U:1 0023: 5A                 mov        e,d  
  58:U:1 0024: 5B                 mov        e,e  
  59:U:1 0025: 5C                 mov        e,h  
  60:U:1 0026: 5D                 mov        e,l  
  61:U:1 0027: 5E                 mov        e,m  
  62:U:1 0028:                                
  63:U:1 0028:                    page         
testmov.lst     Page 3 ../assemble Ver 11.08.21c
$Id: testmov.asm,v 1.2 2011/03/25 09:01:21 doug Exp $
COPR 2011 Douglas Goodall
  64:U:1 0028:                                
  65:U:1 0028: 67                 mov        h,a  
  66:U:1 0029: 60                 mov        h,b  
  67:U:1 002A: 61                 mov        h,c  
  68:U:1 002B: 62                 mov        h,d  
  69:U:1 002C: 63                 mov        h,e  
  70:U:1 002D: 64                 mov        h,h  
  71:U:1 002E: 65                 mov        h,l  
  72:U:1 002F: 66                 mov        h,m  
  73:U:1 0030:                                
  74:U:1 0030: 6F                 mov        l,a  
  75:U:1 0031: 68                 mov        l,b  
  76:U:1 0032: 69                 mov        l,c  
  77:U:1 0033: 6A                 mov        l,d  
  78:U:1 0034: 6B                 mov        l,e  
  79:U:1 0035: 6C                 mov        l,h  
  80:U:1 0036: 6D                 mov        l,l  
  81:U:1 0037: 6E                 mov        l,m  
  82:U:1 0038:                                
  83:U:1 0038: 77                 mov        m,a  
  84:U:1 0039: 70                 mov        m,b  
  85:U:1 003A: 71                 mov        m,c  
  86:U:1 003B: 72                 mov        m,d  
  87:U:1 003C: 73                 mov        m,e  
  88:U:1 003D: 74                 mov        m,h  
  89:U:1 003E: 75                 mov        m,l  
  90:U:1 003F: 7F                 mov        m,m  
  91:U:1 0040:                                
  92:U:1 0040:                    end          
testmov.lst     Page 4 ../assemble Ver 11.08.21c
$Id: testmov.asm,v 1.2 2011/03/25 09:01:21 doug Exp $
COPR 2011 Douglas Goodall
  92:U:1 ----------------------------------------------
  92:U:1 Symbol table word entries...
  92:U:1 ldefpgln.u16, 0x0032 (50)
  92:U:1 ldefpgwd.u16, 0x004A (74)
  92:U:1 pagelgth.u16, 0x0032 (50)
  92:U:1 pagewdth.u16, 0x004A (74)
  92:U:1 ----------------------------------------------
  92:U:1 Symbol table meta entries...
  92:U:1 ascalc.mta, "$Id: ascalc.hpp,v 1.1 2011/03/24 11:58:05 doug Exp $"
  92:U:1 asdec20.mta, "$Id: asdec20.hpp,v 1.1 2011/03/25 05:49:38 doug Exp $"
  92:U:1 asdec65.mta, "$Id: asdec65.hpp,v 1.1 2011/03/24 11:58:05 doug Exp $"
  92:U:1 asdec68k.mta, "$Id: asdec68k.hpp,v 1.1 2011/03/24 11:58:05 doug Exp +
  92+U+1 0040:          $"
  92:U:1 asdec80.mta, "$Id: asdec80.hpp,v 1.1 2011/03/24 11:58:05 doug Exp $"
  92:U:1 asdec85.mta, "$Id: asdec85.hpp,v 1.1 2011/03/24 11:58:05 doug Exp $"
  92:U:1 asdecdir.mta, "$Id: asdecdir.hpp,v 1.1 2011/03/24 11:58:05 doug Exp +
  92+U+1 0040:          $"
  92:U:1 asdecz80.mta, "$Id: asdecz80.hpp,v 1.1 2011/03/24 11:58:05 doug Exp +
  92+U+1 0040:          $"
  92:U:1 aseval.mta, "$Id: aseval.hpp,v 1.2 2011/04/14 15:13:09 doug Exp $"
  92:U:1 ashexout.mta, "$Id: ashexout.hpp,v 1.1 2011/03/24 11:58:05 doug Exp +
  92+U+1 0040:          $"
  92:U:1 asouterr.mta, "$Id: asouterr.hpp,v 1.2 2011/04/14 15:13:09 doug Exp +
  92+U+1 0040:          $"
  92:U:1 asouthex.mta, "$Id: asouthex.hpp,v 1.1 2011/03/24 11:58:05 doug Exp +
  92+U+1 0040:          $"
  92:U:1 asoutlst.mta, "$Id: asoutlst.hpp,v 1.2 2011/03/25 05:48:59 doug Exp +
  92+U+1 0040:          $"
  92:U:1 asoutwrn.mta, "$Id: asoutwrn.hpp,v 1.2 2011/04/14 15:13:09 doug Exp +
  92+U+1 0040:          $"
  92:U:1 asparse.mta, "$Id: asparse.hpp,v 1.1 2011/03/24 11:58:05 doug Exp $"
  92:U:1 asprint.mta, "$Id: asprint.hpp,v 1.2 2011/03/25 05:48:10 doug Exp $"
  92:U:1 asresolv.mta, "$Id: asresolv.hpp,v 1.3 2011/04/14 15:13:09 doug Exp +
  92+U+1 0040:          $"
  92:U:1 assemble.mta, "$Id: assemble.cpp,v 1.5 2011/04/14 15:13:09 doug Exp +
  92+U+1 0040:          $"
  92:U:1 asymbols.mta, "$Id: asymbols.hpp,v 1.6 2011/04/14 15:13:09 doug Exp +
  92+U+1 0040:          $"
  92:U:1 hostname.mta, "MacBook-Pro.local"
  92:U:1 hosttype.mta, "x86_64"
  92:U:1 machtype.mta, "x86_64-apple-darwin11"
  92:U:1 program.mta, "testmov"
  92:U:1 pwd.mta, "/Users/doug/src/framewk/08212011/astests"
  92:U:1 username.mta, "doug"