testz8ld.lst     Page 1 ../assemble Ver 11.08.21c
$Id: testz8ld.asm,v 1.2 2011/03/25 09:01:21 doug Exp $
COPR 2011 Douglas Goodall
   1:U:1 0000:                    title      $Id: testz8ld.asm,v 1.2 2011/03/+
   1+U+1 0000:          25 09:01:21 doug Exp $  
   2:U:1 0000:                    subttl     COPR 2011 Douglas Goodall  
   3:U:1 0000:                ;
   4:U:1 0000:                ; $Log: testz8ld.asm,v $
   5:U:1 0000:                ; Revision 1.2  2011/03/25 09:01:21  doug
   6:U:1 0000:                ; *** empty log message ***
   7:U:1 0000:                ;
   8:U:1 0000:                ; Revision 1.1  2011/03/25 08:26:35  doug
   9:U:1 0000:                ; Initial revision
  10:U:1 0000:                ;
  11:U:1 0000:                ;
  12:U:1 0000:                    include    gplstuff.inc  
   1:U:2 0000:                ; ------------------------------------
   2:U:2 0000:                ; This file is part of "Vintage Modern 
   3:U:2 0000:                ; Assembler Plus Tools (VMAPT)".
   4:U:2 0000:                ;
   5:U:2 0000:                ; VMAPT is free software: you can 
   6:U:2 0000:                ; redistribute it and/or modify it under 
   7:U:2 0000:                ; the terms of  the GNU General Public 
   8:U:2 0000:                ; License  as published by the Free
   9:U:2 0000:                ; Software  Foundation, either version 3
  10:U:2 0000:                ; of the License, or (at your option)  
  11:U:2 0000:                ; any later version.
  12:U:2 0000:                ;
  13:U:2 0000:                ; VMAPT is distributed in the hope that it 
  14:U:2 0000:                ; will be useful, but WITHOUT ANY WARRANTY;
  15:U:2 0000:                ; without even the implied warranty of   
  16:U:2 0000:                ; MERCHANTABILITY or FITNESS FOR A 
  17:U:2 0000:                ; PARTICULAR PURPOSE. See the GNU General 
  18:U:2 0000:                ; Public License for more details.
  19:U:2 0000:                ;
  20:U:2 0000:                ; You  should have received a copy of the 
  21:U:2 0000:                ; GNU General Public License along with 
  22:U:2 0000:                ; VMAPT. If not,
  23:U:2 0000:                ; see <http://www.gnu.org/licenses/>.
  24:U:2 0000:                ; ----------------------------------------
  25:U:2 0000:                                
  13:U:1 0000:                                
  14:U:1 0000:                                
  15:U:1 0000:                    proc       z80  
  16:U:1 0000:                    radix      hex  
  17:U:1 0100:                    org        100  
  18:U:1 0100:                                
  19:U:1 0100:          value8    equ8       0E5  
  20:U:1 0100:                                
  21:U:1 0100: 00       start     nop          
  22:U:1 0101:                                
  23:U:1 0101: 7F                 ld         a,a  
  24:U:1 0102: 78                 ld         a,b  
testz8ld.lst     Page 2 ../assemble Ver 11.08.21c
$Id: testz8ld.asm,v 1.2 2011/03/25 09:01:21 doug Exp $
COPR 2011 Douglas Goodall
  25:U:1 0103: 79                 ld         a,c  
  26:U:1 0104: 7A                 ld         a,d  
  27:U:1 0105: 7B                 ld         a,e  
  28:U:1 0106: 7C                 ld         a,h  
  29:U:1 0107: ED 57              ld         a,i  
  30:U:1 0109: 7D                 ld         a,l  
  31:U:1 010A: ED 5F              ld         a,r  
  32:U:1 010C: 0A                 ld         a,(bc)  
  33:U:1 010D: 1A                 ld         a,(de)  
  34:U:1 010E: 7E                 ld         a,(hl)  
  35:U:1 010F: 47                 ld         b,a  
  36:U:1 0110: 40                 ld         b,b  
  37:U:1 0111: 41                 ld         b,c  
  38:U:1 0112: 42                 ld         b,d  
  39:U:1 0113: 43                 ld         b,e  
  40:U:1 0114: 44                 ld         b,h  
  41:U:1 0115: 45                 ld         b,l  
  42:U:1 0116: 46                 ld         b,(hl)  
  43:U:1 0117: 4F                 ld         c,a  
  44:U:1 0118: 48                 ld         c,b  
  45:U:1 0119: 49                 ld         c,c  
  46:U:1 011A: 4A                 ld         c,d  
  47:U:1 011B: 4B                 ld         c,e  
  48:U:1 011C: 4C                 ld         c,h  
  49:U:1 011D: 4D                 ld         c,l  
  50:U:1 011E: 4E                 ld         c,(hl)  
  51:U:1 011F: 57                 ld         d,a  
  52:U:1 0120: 50                 ld         d,b  
  53:U:1 0121: 51                 ld         d,c  
  54:U:1 0122: 52                 ld         d,d  
  55:U:1 0123: 53                 ld         d,e  
  56:U:1 0124: 54                 ld         d,h  
  57:U:1 0125: 55                 ld         d,l  
  58:U:1 0126: 56                 ld         d,(hl)  
  59:U:1 0127: 5F                 ld         e,a  
  60:U:1 0128: 58                 ld         e,b  
  61:U:1 0129: 59                 ld         e,c  
  62:U:1 012A: 5A                 ld         e,d  
  63:U:1 012B: E5                 ld         e,e  
  64:U:1 012C: E5                 ld         e,h  
  65:U:1 012D: 5D                 ld         e,l  
  66:U:1 012E: 5E                 ld         e,(hl)  
  67:U:1 012F: 67                 ld         h,a  
  68:U:1 0130: 60                 ld         h,b  
  69:U:1 0131: 61                 ld         h,c  
  70:U:1 0132: 62                 ld         h,d  
  71:U:1 0133: 63                 ld         h,e  
testz8ld.lst     Page 3 ../assemble Ver 11.08.21c
$Id: testz8ld.asm,v 1.2 2011/03/25 09:01:21 doug Exp $
COPR 2011 Douglas Goodall
  72:U:1 0134: 64                 ld         h,h  
  73:U:1 0135: 65                 ld         h,l  
  74:U:1 0136: 66                 ld         h,(hl)  
  75:U:1 0137: ED 47              ld         i,a  
  76:U:1 0139: 6F                 ld         l,a  
  77:U:1 013A: 6B                 ld         l,b  
  78:U:1 013B: 6B                 ld         l,c  
  79:U:1 013C: 6B                 ld         l,d  
  80:U:1 013D: 6B                 ld         l,e  
  81:U:1 013E: 6C                 ld         l,h  
  82:U:1 013F: 6D                 ld         l,l  
  83:U:1 0140: 6E                 ld         l,(hl)  
  84:U:1 0141: ED 4F              ld         r,a  
  85:U:1 0143: F9                 ld         sp,hl  
  86:U:1 0144: 06 E5              ld         b,value8  
  87:U:1 0146: 0E E5              ld         c,value8  
  88:U:1 0148: 16 E5              ld         d,value8  
  89:U:1 014A: 1E E5              ld         e,value8  
  90:U:1 014C: 26 E5              ld         h,value8  
  91:U:1 014E: 2E E5              ld         l,value8  
  92:U:1 0150: 3E E5              ld         a,value8  
  93:U:1 0152: 70                 ld         (hl),b  
  94:U:1 0153: 71                 ld         (hl),c  
  95:U:1 0154: 72                 ld         (hl),d  
  96:U:1 0155: 73                 ld         (hl),e  
  97:U:1 0156: 74                 ld         (hl),h  
  98:U:1 0157: 75                 ld         (hl),l  
  99:U:1 0158: 77                 ld         (hl),a  
 100:U:1 0159:                                
 101:U:1 0159: 00 01              end        start  
testz8ld.lst     Page 4 ../assemble Ver 11.08.21c
$Id: testz8ld.asm,v 1.2 2011/03/25 09:01:21 doug Exp $
COPR 2011 Douglas Goodall
 101:U:1 ----------------------------------------------
 101:U:1 Symbol table byte entries...
 101:U:1 start.u8, 0x00 (0)
 101:U:1 value8.u8, 0xE5 (229)
 101:U:1 ----------------------------------------------
 101:U:1 Symbol table word entries...
 101:U:1 ldefpgln.u16, 0x0032 (50)
 101:U:1 ldefpgwd.u16, 0x004A (74)
 101:U:1 pagelgth.u16, 0x0032 (50)
 101:U:1 pagewdth.u16, 0x004A (74)
 101:U:1 start.u16, 0x0100 (256)
 101:U:1 ----------------------------------------------
 101:U:1 Symbol table dword entries...
 101:U:1 start.u32, 0x00000100 (256)
 101:U:1 ----------------------------------------------
 101:U:1 Symbol table qword entries...
 101:U:1 start.u64, 0x00000000000000100 (256)
 101:U:1 ----------------------------------------------
 101:U:1 Symbol table meta entries...
 101:U:1 ascalc.mta, "$Id: ascalc.hpp,v 1.1 2011/03/24 11:58:05 doug Exp $"
 101:U:1 asdec20.mta, "$Id: asdec20.hpp,v 1.1 2011/03/25 05:49:38 doug Exp $"
 101:U:1 asdec65.mta, "$Id: asdec65.hpp,v 1.1 2011/03/24 11:58:05 doug Exp $"
 101:U:1 asdec68k.mta, "$Id: asdec68k.hpp,v 1.1 2011/03/24 11:58:05 doug Exp +
 101+U+1 015B:          $"
 101:U:1 asdec80.mta, "$Id: asdec80.hpp,v 1.1 2011/03/24 11:58:05 doug Exp $"
 101:U:1 asdec85.mta, "$Id: asdec85.hpp,v 1.1 2011/03/24 11:58:05 doug Exp $"
 101:U:1 asdecdir.mta, "$Id: asdecdir.hpp,v 1.1 2011/03/24 11:58:05 doug Exp +
 101+U+1 015B:          $"
 101:U:1 asdecz80.mta, "$Id: asdecz80.hpp,v 1.1 2011/03/24 11:58:05 doug Exp +
 101+U+1 015B:          $"
 101:U:1 aseval.mta, "$Id: aseval.hpp,v 1.2 2011/04/14 15:13:09 doug Exp $"
 101:U:1 ashexout.mta, "$Id: ashexout.hpp,v 1.1 2011/03/24 11:58:05 doug Exp +
 101+U+1 015B:          $"
 101:U:1 asouterr.mta, "$Id: asouterr.hpp,v 1.2 2011/04/14 15:13:09 doug Exp +
 101+U+1 015B:          $"
 101:U:1 asouthex.mta, "$Id: asouthex.hpp,v 1.1 2011/03/24 11:58:05 doug Exp +
 101+U+1 015B:          $"
 101:U:1 asoutlst.mta, "$Id: asoutlst.hpp,v 1.2 2011/03/25 05:48:59 doug Exp +
 101+U+1 015B:          $"
 101:U:1 asoutwrn.mta, "$Id: asoutwrn.hpp,v 1.2 2011/04/14 15:13:09 doug Exp +
 101+U+1 015B:          $"
 101:U:1 asparse.mta, "$Id: asparse.hpp,v 1.1 2011/03/24 11:58:05 doug Exp $"
 101:U:1 asprint.mta, "$Id: asprint.hpp,v 1.2 2011/03/25 05:48:10 doug Exp $"
 101:U:1 asresolv.mta, "$Id: asresolv.hpp,v 1.3 2011/04/14 15:13:09 doug Exp +
 101+U+1 015B:          $"
 101:U:1 assemble.mta, "$Id: assemble.cpp,v 1.5 2011/04/14 15:13:09 doug Exp +
 101+U+1 015B:          $"
testz8ld.lst     Page 5 ../assemble Ver 11.08.21c
$Id: testz8ld.asm,v 1.2 2011/03/25 09:01:21 doug Exp $
COPR 2011 Douglas Goodall
 101:U:1 asymbols.mta, "$Id: asymbols.hpp,v 1.6 2011/04/14 15:13:09 doug Exp +
 101+U+1 015B:          $"
 101:U:1 hostname.mta, "MacBook-Pro.local"
 101:U:1 hosttype.mta, "x86_64"
 101:U:1 machtype.mta, "x86_64-apple-darwin11"
 101:U:1 program.mta, "testz8ld"
 101:U:1 pwd.mta, "/Users/doug/src/framewk/08212011/astests"
 101:U:1 username.mta, "doug"