test68k.lst     Page 1 ../assemble Ver 11.04.17d
$Id: test68k.asm,v 1.1 2011/03/25 09:08:03 doug Exp $
COPR 2011 Douglas Goodall
   1: 1 0000:                    title      $Id: test68k.asm,v 1.1 2011/03/2+
   1+ 1 0000:          5 09:08:03 doug Exp $  
   2: 1 0000:                    subttl     COPR 2011 Douglas Goodall  
   3: 1 0000:                ;
   4: 1 0000:                ; $Log: test68k.asm,v $
   5: 1 0000:                ; Revision 1.1  2011/03/25 09:08:03  doug
   6: 1 0000:                ; Initial revision
   7: 1 0000:                ;
   8: 1 0000:                ;
   9: 1 0000:                    include    gplstuff.inc  
   1: 2 0000:                ; ------------------------------------
   2: 2 0000:                ; This file is part of "Vintage Modern 
   3: 2 0000:                ; Assembler Plus Tools (VMAPT)".
   4: 2 0000:                ;
   5: 2 0000:                ; VMAPT is free software: you can 
   6: 2 0000:                ; redistribute it and/or modify it under 
   7: 2 0000:                ; the terms of  the GNU General Public 
   8: 2 0000:                ; License  as published by the Free
   9: 2 0000:                ; Software  Foundation, either version 3
  10: 2 0000:                ; of the License, or (at your option)  
  11: 2 0000:                ; any later version.
  12: 2 0000:                ;
  13: 2 0000:                ; VMAPT is distributed in the hope that it 
  14: 2 0000:                ; will be useful, but WITHOUT ANY WARRANTY;
  15: 2 0000:                ; without even the implied warranty of   
  16: 2 0000:                ; MERCHANTABILITY or FITNESS FOR A 
  17: 2 0000:                ; PARTICULAR PURPOSE. See the GNU General 
  18: 2 0000:                ; Public License for more details.
  19: 2 0000:                ;
  20: 2 0000:                ; You  should have received a copy of the 
  21: 2 0000:                ; GNU General Public License along with 
  22: 2 0000:                ; VMAPT. If not,
  23: 2 0000:                ; see <http://www.gnu.org/licenses/>.
  24: 2 0000:                ; ----------------------------------------
  25: 2 0000:                                
  10: 1 0000:                                
  11: 1 0000:                                
  12: 1 0000:                    proc       68000  
  13: 1 0000:                    radix      hex  
  14: 1 1000:                    org        1000  
  15: 1 1000:                                
  16: 1 1000:          dd1       dd         12345678  
  16: 1 1000: Err Unknown Opcode   dd       
  17: 1 1000:                                
  18: 1 1000:          dq1       dq         0123456789ABCDEF  
  18: 1 1000: Err Unknown Opcode   dq       
  19: 1 1000:                                
  20: 1 1000:          dw1       dw         1234  
  20: 1 1000: Err Unknown Opcode   dw       
  21: 1 1000:                                
test68k.lst     Page 2 ../assemble Ver 11.04.17d
$Id: test68k.asm,v 1.1 2011/03/25 09:08:03 doug Exp $
COPR 2011 Douglas Goodall
  22: 1 1000:          extl1     ext.l      0  
  22: 1 1000: Err Unknown Opcode   ext.l    
  23: 1 1000:                    ext.l      1  
  23: 1 1000: Err Unknown Opcode   ext.l    
  24: 1 1000:                    ext.l      2  
  24: 1 1000: Err Unknown Opcode   ext.l    
  25: 1 1000:                    ext.l      3  
  25: 1 1000: Err Unknown Opcode   ext.l    
  26: 1 1000:                    ext.l      4  
  26: 1 1000: Err Unknown Opcode   ext.l    
  27: 1 1000:                    ext.l      5  
  27: 1 1000: Err Unknown Opcode   ext.l    
  28: 1 1000:                    ext.l      6  
  28: 1 1000: Err Unknown Opcode   ext.l    
  29: 1 1000:                    ext.l      7  
  29: 1 1000: Err Unknown Opcode   ext.l    
  30: 1 1000:                                
  31: 1 1000:          extw1     ext.w      0  
  31: 1 1000: Err Unknown Opcode   ext.w    
  32: 1 1000:                    ext.w      1  
  32: 1 1000: Err Unknown Opcode   ext.w    
  33: 1 1000:                    ext.w      2  
  33: 1 1000: Err Unknown Opcode   ext.w    
  34: 1 1000:                    ext.w      3  
  34: 1 1000: Err Unknown Opcode   ext.w    
  35: 1 1000:                    ext.w      4  
  35: 1 1000: Err Unknown Opcode   ext.w    
  36: 1 1000:                    ext.w      5  
  36: 1 1000: Err Unknown Opcode   ext.w    
  37: 1 1000:                    ext.w      6  
  37: 1 1000: Err Unknown Opcode   ext.w    
  38: 1 1000:                    ext.w      7  
  38: 1 1000: Err Unknown Opcode   ext.w    
  39: 1 1000:                                
  40: 1 1000:          ill1      illegal      
  40: 1 1000: Err Unknown Opcode   illegal  
  41: 1 1000:                                
  42: 1 1000:          link1     link       0  
  42: 1 1000: Err Unknown Opcode   link     
  43: 1 1000:                    link       1  
  43: 1 1000: Err Unknown Opcode   link     
  44: 1 1000:                    link       2  
  44: 1 1000: Err Unknown Opcode   link     
  45: 1 1000:                    link       3  
  45: 1 1000: Err Unknown Opcode   link     
  46: 1 1000:                    link       4  
  46: 1 1000: Err Unknown Opcode   link     
test68k.lst     Page 3 ../assemble Ver 11.04.17d
$Id: test68k.asm,v 1.1 2011/03/25 09:08:03 doug Exp $
COPR 2011 Douglas Goodall
  47: 1 1000:                    link       5  
  47: 1 1000: Err Unknown Opcode   link     
  48: 1 1000:                    link       6  
  48: 1 1000: Err Unknown Opcode   link     
  49: 1 1000:                    link       7  
  49: 1 1000: Err Unknown Opcode   link     
  50: 1 1000:                                
  51: 1 1000:          nop1      nop          
  51: 1 1000: Err Unknown Opcode   nop      
  52: 1 1000:          reset1    reset        
  52: 1 1000: Err Unknown Opcode   reset    
  53: 1 1000:          rte1      rte          
  53: 1 1000: Err Unknown Opcode   rte      
  54: 1 1000:          rtr1      rtr          
  54: 1 1000: Err Unknown Opcode   rtr      
  55: 1 1000:          rts1      rts          
  55: 1 1000: Err Unknown Opcode   rts      
  56: 1 1000:          stop1     stop         
  56: 1 1000: Err Unknown Opcode   stop     
  57: 1 1000:          trapv1    trapv        
  57: 1 1000: Err Unknown Opcode   trapv    
  58: 1 1000:                                
  59: 1 1000:          unlk1     unlk       0  
  59: 1 1000: Err Unknown Opcode   unlk     
  60: 1 1000:                    unlk       1  
  60: 1 1000: Err Unknown Opcode   unlk     
  61: 1 1000:                    unlk       2  
  61: 1 1000: Err Unknown Opcode   unlk     
  62: 1 1000:                    unlk       3  
  62: 1 1000: Err Unknown Opcode   unlk     
  63: 1 1000:                    unlk       4  
  63: 1 1000: Err Unknown Opcode   unlk     
  64: 1 1000:                    unlk       5  
  64: 1 1000: Err Unknown Opcode   unlk     
  65: 1 1000:                    unlk       6  
  65: 1 1000: Err Unknown Opcode   unlk     
  66: 1 1000:                    unlk       7  
  66: 1 1000: Err Unknown Opcode   unlk     
  67: 1 1000:                                
  68: 1 1000:          end1      end          
test68k.lst     Page 4 ../assemble Ver 11.04.17d
$Id: test68k.asm,v 1.1 2011/03/25 09:08:03 doug Exp $
COPR 2011 Douglas Goodall
  68: 1 ----------------------------------------------
  68: 1 Symbol table byte entries...
  68: 1 dd1.u8, 0x00 (0)
  68: 1 dq1.u8, 0x00 (0)
  68: 1 dw1.u8, 0x00 (0)
  68: 1 end1.u8, 0x00 (0)
  68: 1 extl1.u8, 0x00 (0)
  68: 1 extw1.u8, 0x00 (0)
  68: 1 ill1.u8, 0x00 (0)
  68: 1 link1.u8, 0x00 (0)
  68: 1 nop1.u8, 0x00 (0)
  68: 1 reset1.u8, 0x00 (0)
  68: 1 rte1.u8, 0x00 (0)
  68: 1 rtr1.u8, 0x00 (0)
  68: 1 rts1.u8, 0x00 (0)
  68: 1 stop1.u8, 0x00 (0)
  68: 1 trapv1.u8, 0x00 (0)
  68: 1 unlk1.u8, 0x00 (0)
  68: 1 ----------------------------------------------
  68: 1 Symbol table word entries...
  68: 1 dd1.u16, 0x1000 (4096)
  68: 1 dq1.u16, 0x1000 (4096)
  68: 1 dw1.u16, 0x1000 (4096)
  68: 1 end1.u16, 0x1000 (4096)
  68: 1 extl1.u16, 0x1000 (4096)
  68: 1 extw1.u16, 0x1000 (4096)
  68: 1 ill1.u16, 0x1000 (4096)
  68: 1 ldefpgln.u16, 0x0032 (50)
  68: 1 ldefpgwd.u16, 0x004A (74)
  68: 1 link1.u16, 0x1000 (4096)
  68: 1 nop1.u16, 0x1000 (4096)
  68: 1 pagelgth.u16, 0x0032 (50)
  68: 1 pagewdth.u16, 0x004A (74)
  68: 1 reset1.u16, 0x1000 (4096)
  68: 1 rte1.u16, 0x1000 (4096)
  68: 1 rtr1.u16, 0x1000 (4096)
  68: 1 rts1.u16, 0x1000 (4096)
  68: 1 stop1.u16, 0x1000 (4096)
  68: 1 trapv1.u16, 0x1000 (4096)
  68: 1 unlk1.u16, 0x1000 (4096)
  68: 1 ----------------------------------------------
  68: 1 Symbol table dword entries...
  68: 1 dd1.u32, 0x00001000 (4096)
  68: 1 dq1.u32, 0x00001000 (4096)
  68: 1 dw1.u32, 0x00001000 (4096)
  68: 1 end1.u32, 0x00001000 (4096)
  68: 1 extl1.u32, 0x00001000 (4096)
test68k.lst     Page 5 ../assemble Ver 11.04.17d
$Id: test68k.asm,v 1.1 2011/03/25 09:08:03 doug Exp $
COPR 2011 Douglas Goodall
  68: 1 extw1.u32, 0x00001000 (4096)
  68: 1 ill1.u32, 0x00001000 (4096)
  68: 1 link1.u32, 0x00001000 (4096)
  68: 1 nop1.u32, 0x00001000 (4096)
  68: 1 reset1.u32, 0x00001000 (4096)
  68: 1 rte1.u32, 0x00001000 (4096)
  68: 1 rtr1.u32, 0x00001000 (4096)
  68: 1 rts1.u32, 0x00001000 (4096)
  68: 1 stop1.u32, 0x00001000 (4096)
  68: 1 trapv1.u32, 0x00001000 (4096)
  68: 1 unlk1.u32, 0x00001000 (4096)
  68: 1 ----------------------------------------------
  68: 1 Symbol table qword entries...
  68: 1 dd1.u64, 0x00000000000001000 (4096)
  68: 1 dq1.u64, 0x00000000000001000 (4096)
  68: 1 dw1.u64, 0x00000000000001000 (4096)
  68: 1 end1.u64, 0x00000000000001000 (4096)
  68: 1 extl1.u64, 0x00000000000001000 (4096)
  68: 1 extw1.u64, 0x00000000000001000 (4096)
  68: 1 ill1.u64, 0x00000000000001000 (4096)
  68: 1 link1.u64, 0x00000000000001000 (4096)
  68: 1 nop1.u64, 0x00000000000001000 (4096)
  68: 1 reset1.u64, 0x00000000000001000 (4096)
  68: 1 rte1.u64, 0x00000000000001000 (4096)
  68: 1 rtr1.u64, 0x00000000000001000 (4096)
  68: 1 rts1.u64, 0x00000000000001000 (4096)
  68: 1 stop1.u64, 0x00000000000001000 (4096)
  68: 1 trapv1.u64, 0x00000000000001000 (4096)
  68: 1 unlk1.u64, 0x00000000000001000 (4096)
  68: 1 ----------------------------------------------
  68: 1 Symbol table meta entries...
  68: 1 ascalc.mta, "$Id: ascalc.hpp,v 1.1 2011/03/24 11:58:05 doug Exp $"
  68: 1 asdec20.mta, "$Id: asdec20.hpp,v 1.1 2011/03/25 05:49:38 doug Exp $"
  68: 1 asdec65.mta, "$Id: asdec65.hpp,v 1.1 2011/03/24 11:58:05 doug Exp $"
  68: 1 asdec68k.mta, "$Id: asdec68k.hpp,v 1.1 2011/03/24 11:58:05 doug Exp +
  68+ 1 1000:          $"
  68: 1 asdec80.mta, "$Id: asdec80.hpp,v 1.1 2011/03/24 11:58:05 doug Exp $"
  68: 1 asdec85.mta, "$Id: asdec85.hpp,v 1.1 2011/03/24 11:58:05 doug Exp $"
  68: 1 asdecdir.mta, "$Id: asdecdir.hpp,v 1.1 2011/03/24 11:58:05 doug Exp +
  68+ 1 1000:          $"
  68: 1 asdecz80.mta, "$Id: asdecz80.hpp,v 1.1 2011/03/24 11:58:05 doug Exp +
  68+ 1 1000:          $"
  68: 1 aseval.mta, "$Id: aseval.hpp,v 1.2 2011/04/14 15:13:09 doug Exp $"
  68: 1 ashexout.mta, "$Id: ashexout.hpp,v 1.1 2011/03/24 11:58:05 doug Exp +
  68+ 1 1000:          $"
  68: 1 asouterr.mta, "$Id: asouterr.hpp,v 1.2 2011/04/14 15:13:09 doug Exp +
  68+ 1 1000:          $"
test68k.lst     Page 6 ../assemble Ver 11.04.17d
$Id: test68k.asm,v 1.1 2011/03/25 09:08:03 doug Exp $
COPR 2011 Douglas Goodall
  68: 1 asouthex.mta, "$Id: asouthex.hpp,v 1.1 2011/03/24 11:58:05 doug Exp +
  68+ 1 1000:          $"
  68: 1 asoutlst.mta, "$Id: asoutlst.hpp,v 1.2 2011/03/25 05:48:59 doug Exp +
  68+ 1 1000:          $"
  68: 1 asoutwrn.mta, "$Id: asoutwrn.hpp,v 1.2 2011/04/14 15:13:09 doug Exp +
  68+ 1 1000:          $"
  68: 1 asparse.mta, "$Id: asparse.hpp,v 1.1 2011/03/24 11:58:05 doug Exp $"
  68: 1 asprint.mta, "$Id: asprint.hpp,v 1.2 2011/03/25 05:48:10 doug Exp $"
  68: 1 asresolv.mta, "$Id: asresolv.hpp,v 1.3 2011/04/14 15:13:09 doug Exp +
  68+ 1 1000:          $"
  68: 1 assemble.mta, "$Id: assemble.cpp,v 1.5 2011/04/14 15:13:09 doug Exp +
  68+ 1 1000:          $"
  68: 1 asymbols.mta, "$Id: asymbols.hpp,v 1.6 2011/04/14 15:13:09 doug Exp +
  68+ 1 1000:          $"
  68: 1 hostname.mta, "MacBook-Pro.local"
  68: 1 hosttype.mta, "x86_64"
  68: 1 machtype.mta, "x86_64-apple-darwin10.0"
  68: 1 program.mta, "test68k"
  68: 1 pwd.mta, "/Users/doug/framewk/04172011/aserrors"
  68: 1 username.mta, "doug"