dwgforth.lst     Page 1 ../assemble Ver  0.1229148993.00a
Doug's assembler test file - testfile.asm
Copyright (C) Douglas Goodall. All Rights Reserved.
   1:U:1 0000:                    radix      decimal  
   2:U:1 0000:                                
   3:U:1 0000:                    pagewidth  76  
   4:U:1 0000:                    pagelength  50  
   5:U:1 0000:                                
   6:U:1 0000:                    title      Doug's assembler test file - testf+
   6+U+1 0000:          ile.asm  
   7:U:1 0000:                    subttl     Copyright (C) Douglas Goodall. All+
   7+U+1 0000:           Rights Reserved.  
   8:U:1 0000:                                
   9:U:1 0000:                    message    Compiling forth.asm with Doug's As+
   9+U+1 0000:          sembler  
  10:U:1 0000:                                
  11:U:1 0000:                    proc       8085  
  12:U:1 0000:                                
  13:U:1 0000:                ; start figforth
  14:U:1 0000:                                
  15:U:1 0000:          figrel    equ        1         ; fig release #
  16:U:1 0000:          figrev    equ        1         ; fig revision #
  17:U:1 0000:          usrver    equ        0         ; user version #
  18:U:1 0000:                                
  19:U:1 0000:                    end          
dwgforth.lst     Page 2 ../assemble Ver  0.1229148993.00a
Doug's assembler test file - testfile.asm
Copyright (C) Douglas Goodall. All Rights Reserved.
  19:U:1 ----------------------------------------------
  19:U:1 Symbol table byte entries...
  19:U:1 figrel.u8, 0x01 (1)
  19:U:1 figrev.u8, 0x01 (1)
  19:U:1 usrver.u8, 0x00 (0)
  19:U:1 ----------------------------------------------
  19:U:1 Symbol table word entries...
  19:U:1 figrel.u16, 0x0001 (1)
  19:U:1 figrev.u16, 0x0001 (1)
  19:U:1 ldefpgln.u16, 0x0032 (50)
  19:U:1 ldefpgwd.u16, 0x004A (74)
  19:U:1 pageleng.u16, 0x0032 (50)
  19:U:1 pagelgth.u16, 0x0032 (50)
  19:U:1 pagewdth.u16, 0x004C (76)
  19:U:1 usrver.u16, 0x0000 (0)
  19:U:1 ----------------------------------------------
  19:U:1 Symbol table dword entries...
  19:U:1 figrel.u32, 0x00000001 (1)
  19:U:1 figrev.u32, 0x00000001 (1)
  19:U:1 usrver.u32, 0x00000000 (0)
  19:U:1 ----------------------------------------------
  19:U:1 Symbol table qword entries...
  19:U:1 figrel.u64, 0x00000000000000001 (1)
  19:U:1 figrev.u64, 0x00000000000000001 (1)
  19:U:1 usrver.u64, 0x00000000000000000 (0)
  19:U:1 ----------------------------------------------
  19:U:1 Symbol table meta entries...
  19:U:1 ascalc.mta, "$Id: ascalc.hpp,v 1.1 2011/03/24 11:58:05 doug Exp $"
  19:U:1 asdec20.mta, "$Id: asdec20.hpp,v 1.1 2011/03/25 05:49:38 doug Exp $"
  19:U:1 asdec65.mta, "$Id: asdec65.hpp,v 1.1 2011/03/24 11:58:05 doug Exp $"
  19:U:1 asdec68k.mta, "$Id: asdec68k.hpp,v 1.1 2011/03/24 11:58:05 doug Exp $"
  19:U:1 asdec80.mta, "$Id: asdec80.hpp,v 1.1 2011/03/24 11:58:05 doug Exp $"
  19:U:1 asdec85.mta, "$Id: asdec85.hpp,v 1.1 2011/03/24 11:58:05 doug Exp $"
  19:U:1 asdecdir.mta, "$Id: asdecdir.hpp,v 1.1 2011/03/24 11:58:05 doug Exp $"
  19:U:1 asdecz80.mta, "$Id: asdecz80.hpp,v 1.1 2011/03/24 11:58:05 doug Exp $"
  19:U:1 aseval.mta, "$Id: aseval.hpp,v 1.2 2011/04/14 15:13:09 doug Exp $"
  19:U:1 ashexout.mta, "$Id: ashexout.hpp,v 1.1 2011/03/24 11:58:05 doug Exp $"
  19:U:1 asouterr.mta, "$Id: asouterr.hpp,v 1.2 2011/04/14 15:13:09 doug Exp $"
  19:U:1 asouthex.mta, "$Id: asouthex.hpp,v 1.1 2011/03/24 11:58:05 doug Exp $"
  19:U:1 asoutlst.mta, "$Id: asoutlst.hpp,v 1.2 2011/03/25 05:48:59 doug Exp $"
  19:U:1 asoutwrn.mta, "$Id: asoutwrn.hpp,v 1.2 2011/04/14 15:13:09 doug Exp $"
  19:U:1 asparse.mta, "$Id: asparse.hpp,v 1.1 2011/03/24 11:58:05 doug Exp $"
  19:U:1 asprint.mta, "$Id: asprint.hpp,v 1.2 2011/03/25 05:48:10 doug Exp $"
  19:U:1 asresolv.mta, "$Id: asresolv.hpp,v 1.3 2011/04/14 15:13:09 doug Exp $"
  19:U:1 assemble.mta, "$Id: assemble.cpp,v 1.5 2011/04/14 15:13:09 doug Exp $"
  19:U:1 asymbols.mta, "$Id: asymbols.hpp,v 1.6 2011/04/14 15:13:09 doug Exp $"
  19:U:1 hostname.mta, "MacBook-Pro.local"
dwgforth.lst     Page 3 ../assemble Ver  0.1229148993.00a
Doug's assembler test file - testfile.asm
Copyright (C) Douglas Goodall. All Rights Reserved.
  19:U:1 hosttype.mta, "x86_64"
  19:U:1 machtype.mta, "i686-pc-cygwin"
  19:U:1 program.mta, "dwgforth"
  19:U:1 pwd.mta, "/home/doug/src/framewk/01072013/astests"
  19:U:1 username.mta, "doug"