testincl.lst     Page 1 ../assemble Ver  0.1229148993.00a
$Id: testincl.asm,v 1.2 2011/03/25 09:01:21 doug Exp $
COPR 2011 Douglas Goodall
   1:U:1 0000:                    title      $Id: testincl.asm,v 1.2 2011/03/+
   1+U+1 0000:          25 09:01:21 doug Exp $  
   2:U:1 0000:                    subttl     COPR 2011 Douglas Goodall  
   3:U:1 0000:                ;
   4:U:1 0000:                ; $Log: testincl.asm,v $
   5:U:1 0000:                ; Revision 1.2  2011/03/25 09:01:21  doug
   6:U:1 0000:                ; *** empty log message ***
   7:U:1 0000:                ;
   8:U:1 0000:                ; Revision 1.1  2011/03/25 08:26:35  doug
   9:U:1 0000:                ; Initial revision
  10:U:1 0000:                ;
  11:U:1 0000:                ;
  12:U:1 0000:                    include    gplstuff.inc  
  13:U:1 0000:                                
  14:U:1 0000:                                
  15:U:1 0000:                    listincl   0  
  16:U:1 0000:                    include    assemble.inc  
  17:U:1 0000:                    listincl   FALSE  
  18:U:1 0000:                    include    incl1.inc  
  19:U:1 0000:                    end          
testincl.lst     Page 2 ../assemble Ver  0.1229148993.00a
$Id: testincl.asm,v 1.2 2011/03/25 09:01:21 doug Exp $
COPR 2011 Douglas Goodall
  19:U:1 ----------------------------------------------
  19:U:1 Symbol table byte entries...
  19:U:1 false.u8, 0x00 (0)
  19:U:1 true.u8, 0x01 (1)
  19:U:1 ----------------------------------------------
  19:U:1 Symbol table word entries...
  19:U:1 ldefpgln.u16, 0x0032 (50)
  19:U:1 ldefpgwd.u16, 0x004A (74)
  19:U:1 pagelgth.u16, 0x0032 (50)
  19:U:1 pagewdth.u16, 0x004A (74)
  19:U:1 ----------------------------------------------
  19:U:1 Symbol table meta entries...
  19:U:1 ascalc.mta, "$Id: ascalc.hpp,v 1.1 2011/03/24 11:58:05 doug Exp $"
  19:U:1 asdec20.mta, "$Id: asdec20.hpp,v 1.1 2011/03/25 05:49:38 doug Exp $"
  19:U:1 asdec65.mta, "$Id: asdec65.hpp,v 1.1 2011/03/24 11:58:05 doug Exp $"
  19:U:1 asdec68k.mta, "$Id: asdec68k.hpp,v 1.1 2011/03/24 11:58:05 doug Exp +
  19+U+1 0000:          $"
  19:U:1 asdec80.mta, "$Id: asdec80.hpp,v 1.1 2011/03/24 11:58:05 doug Exp $"
  19:U:1 asdec85.mta, "$Id: asdec85.hpp,v 1.1 2011/03/24 11:58:05 doug Exp $"
  19:U:1 asdecdir.mta, "$Id: asdecdir.hpp,v 1.1 2011/03/24 11:58:05 doug Exp +
  19+U+1 0000:          $"
  19:U:1 asdecz80.mta, "$Id: asdecz80.hpp,v 1.1 2011/03/24 11:58:05 doug Exp +
  19+U+1 0000:          $"
  19:U:1 aseval.mta, "$Id: aseval.hpp,v 1.2 2011/04/14 15:13:09 doug Exp $"
  19:U:1 ashexout.mta, "$Id: ashexout.hpp,v 1.1 2011/03/24 11:58:05 doug Exp +
  19+U+1 0000:          $"
  19:U:1 asouterr.mta, "$Id: asouterr.hpp,v 1.2 2011/04/14 15:13:09 doug Exp +
  19+U+1 0000:          $"
  19:U:1 asouthex.mta, "$Id: asouthex.hpp,v 1.1 2011/03/24 11:58:05 doug Exp +
  19+U+1 0000:          $"
  19:U:1 asoutlst.mta, "$Id: asoutlst.hpp,v 1.2 2011/03/25 05:48:59 doug Exp +
  19+U+1 0000:          $"
  19:U:1 asoutwrn.mta, "$Id: asoutwrn.hpp,v 1.2 2011/04/14 15:13:09 doug Exp +
  19+U+1 0000:          $"
  19:U:1 asparse.mta, "$Id: asparse.hpp,v 1.1 2011/03/24 11:58:05 doug Exp $"
  19:U:1 asprint.mta, "$Id: asprint.hpp,v 1.2 2011/03/25 05:48:10 doug Exp $"
  19:U:1 asresolv.mta, "$Id: asresolv.hpp,v 1.3 2011/04/14 15:13:09 doug Exp +
  19+U+1 0000:          $"
  19:U:1 assemble.mta, "$Id: assemble.cpp,v 1.5 2011/04/14 15:13:09 doug Exp +
  19+U+1 0000:          $"
  19:U:1 asymbols.mta, "$Id: asymbols.hpp,v 1.6 2011/04/14 15:13:09 doug Exp +
  19+U+1 0000:          $"
  19:U:1 hostname.mta, "MacBook-Pro.local"
  19:U:1 hosttype.mta, "x86_64"
  19:U:1 machtype.mta, "i686-pc-cygwin"
  19:U:1 program.mta, "testincl"
  19:U:1 pwd.mta, "/home/doug/src/framewk/01072013/astests"
testincl.lst     Page 3 ../assemble Ver  0.1229148993.00a
$Id: testincl.asm,v 1.2 2011/03/25 09:01:21 doug Exp $
COPR 2011 Douglas Goodall
  19:U:1 username.mta, "doug"