testaci.lst     Page 1 ../assemble Ver  0.1229148993.00a
$Id: testaci.asm,v 1.2 2011/03/25 09:01:21 doug Exp $
COPR 2011 Douglas Goodall
   1:U:1 0000:                    title      $Id: testaci.asm,v 1.2 2011/03/2+
   1+U+1 0000:          5 09:01:21 doug Exp $  
   2:U:1 0000:                    subttl     COPR 2011 Douglas Goodall  
   3:U:1 0000:                ;
   4:U:1 0000:                ; $Log: testaci.asm,v $
   5:U:1 0000:                ; Revision 1.2  2011/03/25 09:01:21  doug
   6:U:1 0000:                ; *** empty log message ***
   7:U:1 0000:                ;
   8:U:1 0000:                ; Revision 1.1  2011/03/25 08:26:35  doug
   9:U:1 0000:                ; Initial revision
  10:U:1 0000:                ;
  11:U:1 0000:                ;
  12:U:1 0000:                    include    gplstuff.inc  
   1:U:2 0000:                ; ------------------------------------
   2:U:2 0000:                ; This file is part of "Vintage Modern 
   3:U:2 0000:                ; Assembler Plus Tools (VMAPT)".
   4:U:2 0000:                ;
   5:U:2 0000:                ; VMAPT is free software: you can 
   6:U:2 0000:                ; redistribute it and/or modify it under 
   7:U:2 0000:                ; the terms of  the GNU General Public 
   8:U:2 0000:                ; License  as published by the Free
   9:U:2 0000:                ; Software  Foundation, either version 3
  10:U:2 0000:                ; of the License, or (at your option)  
  11:U:2 0000:                ; any later version.
  12:U:2 0000:                ;
  13:U:2 0000:                ; VMAPT is distributed in the hope that it 
  14:U:2 0000:                ; will be useful, but WITHOUT ANY WARRANTY;
  15:U:2 0000:                ; without even the implied warranty of   
  16:U:2 0000:                ; MERCHANTABILITY or FITNESS FOR A 
  17:U:2 0000:                ; PARTICULAR PURPOSE. See the GNU General 
  18:U:2 0000:                ; Public License for more details.
  19:U:2 0000:                ;
  20:U:2 0000:                ; You  should have received a copy of the 
  21:U:2 0000:                ; GNU General Public License along with 
  22:U:2 0000:                ; VMAPT. If not,
  23:U:2 0000:                ; see <http://www.gnu.org/licenses/>.
  24:U:2 0000:                ; ----------------------------------------
  25:U:2 0000:                                
  13:U:1 0000:                                
  14:U:1 0000:                                
  15:U:1 0000:                    proc       8085  
  16:U:1 0000:                                
  17:U:1 0000:                    radix      hex  
  18:U:1 0000:                                
  19:U:1 0100:                    org        100  
  20:U:1 0100:                                
  21:U:1 0100:                ;	aci
  22:U:1 0100:                                
  23:U:1 0100: CE 00              aci        0  
  24:U:1 0102:                                
testaci.lst     Page 2 ../assemble Ver  0.1229148993.00a
$Id: testaci.asm,v 1.2 2011/03/25 09:01:21 doug Exp $
COPR 2011 Douglas Goodall
  25:U:1 0102: CE 09              aci        9  
  26:U:1 0104:                                
  27:U:1 0104:                ;	aci	a
  28:U:1 0104:                                
  29:U:1 0104: CE 00              aci        100  
  30:U:1 0106:                                
  31:U:1 0106: CE 27              aci        32767  
  32:U:1 0108:                                
  33:U:1 0108:                    end          
testaci.lst     Page 3 ../assemble Ver  0.1229148993.00a
$Id: testaci.asm,v 1.2 2011/03/25 09:01:21 doug Exp $
COPR 2011 Douglas Goodall
  33:U:1 ----------------------------------------------
  33:U:1 Symbol table word entries...
  33:U:1 ldefpgln.u16, 0x0032 (50)
  33:U:1 ldefpgwd.u16, 0x004A (74)
  33:U:1 pagelgth.u16, 0x0032 (50)
  33:U:1 pagewdth.u16, 0x004A (74)
  33:U:1 ----------------------------------------------
  33:U:1 Symbol table meta entries...
  33:U:1 ascalc.mta, "$Id: ascalc.hpp,v 1.1 2011/03/24 11:58:05 doug Exp $"
  33:U:1 asdec20.mta, "$Id: asdec20.hpp,v 1.1 2011/03/25 05:49:38 doug Exp $"
  33:U:1 asdec65.mta, "$Id: asdec65.hpp,v 1.1 2011/03/24 11:58:05 doug Exp $"
  33:U:1 asdec68k.mta, "$Id: asdec68k.hpp,v 1.1 2011/03/24 11:58:05 doug Exp +
  33+U+1 0108:          $"
  33:U:1 asdec80.mta, "$Id: asdec80.hpp,v 1.1 2011/03/24 11:58:05 doug Exp $"
  33:U:1 asdec85.mta, "$Id: asdec85.hpp,v 1.1 2011/03/24 11:58:05 doug Exp $"
  33:U:1 asdecdir.mta, "$Id: asdecdir.hpp,v 1.1 2011/03/24 11:58:05 doug Exp +
  33+U+1 0108:          $"
  33:U:1 asdecz80.mta, "$Id: asdecz80.hpp,v 1.1 2011/03/24 11:58:05 doug Exp +
  33+U+1 0108:          $"
  33:U:1 aseval.mta, "$Id: aseval.hpp,v 1.2 2011/04/14 15:13:09 doug Exp $"
  33:U:1 ashexout.mta, "$Id: ashexout.hpp,v 1.1 2011/03/24 11:58:05 doug Exp +
  33+U+1 0108:          $"
  33:U:1 asouterr.mta, "$Id: asouterr.hpp,v 1.2 2011/04/14 15:13:09 doug Exp +
  33+U+1 0108:          $"
  33:U:1 asouthex.mta, "$Id: asouthex.hpp,v 1.1 2011/03/24 11:58:05 doug Exp +
  33+U+1 0108:          $"
  33:U:1 asoutlst.mta, "$Id: asoutlst.hpp,v 1.2 2011/03/25 05:48:59 doug Exp +
  33+U+1 0108:          $"
  33:U:1 asoutwrn.mta, "$Id: asoutwrn.hpp,v 1.2 2011/04/14 15:13:09 doug Exp +
  33+U+1 0108:          $"
  33:U:1 asparse.mta, "$Id: asparse.hpp,v 1.1 2011/03/24 11:58:05 doug Exp $"
  33:U:1 asprint.mta, "$Id: asprint.hpp,v 1.2 2011/03/25 05:48:10 doug Exp $"
  33:U:1 asresolv.mta, "$Id: asresolv.hpp,v 1.3 2011/04/14 15:13:09 doug Exp +
  33+U+1 0108:          $"
  33:U:1 assemble.mta, "$Id: assemble.cpp,v 1.5 2011/04/14 15:13:09 doug Exp +
  33+U+1 0108:          $"
  33:U:1 asymbols.mta, "$Id: asymbols.hpp,v 1.6 2011/04/14 15:13:09 doug Exp +
  33+U+1 0108:          $"
  33:U:1 hostname.mta, "MacBook-Pro.local"
  33:U:1 hosttype.mta, "x86_64"
  33:U:1 machtype.mta, "i686-pc-cygwin"
  33:U:1 program.mta, "testaci"
  33:U:1 pwd.mta, "/home/doug/src/framewk/01072013/astests"
  33:U:1 username.mta, "doug"